2026-02-08 14:12:17,065 1248 INFO ? odoo: Odoo version 17.0-20250306 
2026-02-08 14:12:17,065 1248 INFO ? odoo: Using configuration file at C:\Users\lkima\Desktop\Stage_MFE\odoo.conf 
2026-02-08 14:12:17,065 1248 INFO ? odoo: addons paths: ['C:\\Program Files\\Odoo 17.0.20250306\\server\\odoo\\addons', 'c:\\program files\\odoo 17.0.20250306\\sessions\\addons\\17.0', 'c:\\program files\\odoo 17.0.20250306\\server\\odoo\\addons', 'c:\\users\\lkima\\desktop\\odoo\\custom_addons'] 
2026-02-08 14:12:17,065 1248 INFO ? odoo: database: openpg@localhost:5432 
2026-02-08 14:12:17,209 1248 INFO ? odoo.addons.base.models.ir_actions_report: Will use the Wkhtmltopdf binary at C:\Program Files\Odoo 17.0.20250306\thirdparty\wkhtmltopdf.exe 
2026-02-08 14:12:17,441 1248 INFO ? odoo.service.server: HTTP service (werkzeug) running on LAPTOP-IH0ULU6S:8069 
2026-02-08 14:12:42,625 1248 INFO ? odoo.modules.loading: loading 1 modules... 
2026-02-08 14:12:42,629 1248 INFO ? odoo.modules.loading: 1 modules loaded in 0.00s, 0 queries (+0 extra) 
2026-02-08 14:12:42,677 1248 INFO ? odoo.modules.loading: loading 75 modules... 
2026-02-08 14:12:43,406 1248 WARNING ? py.warnings: C:\Program Files\Odoo 17.0.20250306\python\Lib\site-packages\zeep\utils.py:1: DeprecationWarning: 'cgi' is deprecated and slated for removal in Python 3.13
  File "C:\Program Files\Odoo 17.0.20250306\python\Lib\threading.py", line 1030, in _bootstrap
    self._bootstrap_inner()
  File "C:\Program Files\Odoo 17.0.20250306\python\Lib\threading.py", line 1073, in _bootstrap_inner
    self.run()
  File "C:\Program Files\Odoo 17.0.20250306\python\Lib\threading.py", line 1010, in run
    self._target(*self._args, **self._kwargs)
  File "C:\Program Files\Odoo 17.0.20250306\python\Lib\socketserver.py", line 692, in process_request_thread
    self.finish_request(request, client_address)
  File "C:\Program Files\Odoo 17.0.20250306\python\Lib\socketserver.py", line 362, in finish_request
    self.RequestHandlerClass(request, client_address, self)
  File "C:\Program Files\Odoo 17.0.20250306\python\Lib\socketserver.py", line 761, in __init__
    self.handle()
  File "C:\Program Files\Odoo 17.0.20250306\python\Lib\site-packages\werkzeug\serving.py", line 390, in handle
    super().handle()
  File "C:\Program Files\Odoo 17.0.20250306\python\Lib\http\server.py", line 436, in handle
    self.handle_one_request()
  File "C:\Program Files\Odoo 17.0.20250306\python\Lib\http\server.py", line 424, in handle_one_request
    method()
  File "C:\Program Files\Odoo 17.0.20250306\python\Lib\site-packages\werkzeug\serving.py", line 362, in run_wsgi
    execute(self.server.app)
  File "C:\Program Files\Odoo 17.0.20250306\python\Lib\site-packages\werkzeug\serving.py", line 323, in execute
    application_iter = app(environ, start_response)
  File "C:\Program Files\Odoo 17.0.20250306\server\odoo\http.py", line 2213, in __call__
    response = request._serve_db()
  File "C:\Program Files\Odoo 17.0.20250306\server\odoo\http.py", line 1766, in _serve_db
    self.registry = Registry(self.db).check_signaling()
  File "C:\Program Files\Odoo 17.0.20250306\server\odoo\modules\registry.py", line 89, in __new__
    return cls.new(db_name)
  File "C:\Users\lkima\AppData\Roaming\Python\Python312\site-packages\decorator.py", line 235, in fun
    return caller(func, *(extras + args), **kw)
  File "C:\Program Files\Odoo 17.0.20250306\server\odoo\tools\func.py", line 87, in locked
    return func(inst, *args, **kwargs)
  File "C:\Program Files\Odoo 17.0.20250306\server\odoo\modules\registry.py", line 110, in new
    odoo.modules.load_modules(registry, force_demo, status, update_module)
  File "C:\Program Files\Odoo 17.0.20250306\server\odoo\modules\loading.py", line 477, in load_modules
    processed_modules += load_marked_modules(env, graph,
  File "C:\Program Files\Odoo 17.0.20250306\server\odoo\modules\loading.py", line 365, in load_marked_modules
    loaded, processed = load_module_graph(
  File "C:\Program Files\Odoo 17.0.20250306\server\odoo\modules\loading.py", line 186, in load_module_graph
    load_openerp_module(package.name)
  File "C:\Program Files\Odoo 17.0.20250306\server\odoo\modules\module.py", line 395, in load_openerp_module
    __import__(qualname)
  File "C:\Program Files\Odoo 17.0.20250306\server\odoo\addons\account_edi_ubl_cii\__init__.py", line 3, in <module>
    from . import models
  File "C:\Program Files\Odoo 17.0.20250306\server\odoo\addons\account_edi_ubl_cii\models\__init__.py", line 3, in <module>
    from . import account_edi_common
  File "C:\Program Files\Odoo 17.0.20250306\server\odoo\addons\account_edi_ubl_cii\models\account_edi_common.py", line 7, in <module>
    from odoo.tools.zeep import Client
  File "C:\Program Files\Odoo 17.0.20250306\server\odoo\tools\zeep\__init__.py", line 1, in <module>
    from zeep.transports import Transport
  File "C:\Program Files\Odoo 17.0.20250306\python\Lib\site-packages\zeep\__init__.py", line 1, in <module>
    from zeep.client import AsyncClient, CachingClient, Client
  File "C:\Program Files\Odoo 17.0.20250306\python\Lib\site-packages\zeep\client.py", line 6, in <module>
    from zeep.transports import AsyncTransport, Transport
  File "C:\Program Files\Odoo 17.0.20250306\python\Lib\site-packages\zeep\transports.py", line 11, in <module>
    from zeep.utils import get_media_type, get_version
  File "C:\Program Files\Odoo 17.0.20250306\python\Lib\site-packages\zeep\utils.py", line 1, in <module>
    import cgi
 
2026-02-08 14:12:43,564 1248 INFO ? odoo.modules.loading: 75 modules loaded in 0.89s, 0 queries (+0 extra) 
2026-02-08 14:12:43,645 1248 WARNING ? odoo.fields: Field patient.tag.name: unknown parameter 'tracking', if this is an actual parameter you may want to override the method _valid_field_parameter on the relevant model in order to allow it 
2026-02-08 14:12:43,674 1248 INFO ? odoo.modules.loading: Modules loaded. 
2026-02-08 14:12:43,678 1248 INFO ? odoo.modules.registry: Registry loaded in 1.090s 
2026-02-08 14:12:43,680 1248 INFO ISID odoo.addons.base.models.ir_http: Generating routing map for key None 
2026-02-08 14:12:43,700 1248 INFO ISID werkzeug: 127.0.0.1 - - [08/Feb/2026 14:12:43] "GET /web?db=ISID HTTP/1.1" 303 - 19 0.017 1.097
2026-02-08 14:12:44,043 1248 INFO ISID werkzeug: 127.0.0.1 - - [08/Feb/2026 14:12:44] "GET /web/login?db=ISID HTTP/1.1" 200 - 61 0.035 0.296
2026-02-08 14:12:44,535 1248 INFO ISID werkzeug: 127.0.0.1 - - [08/Feb/2026 14:12:44] "GET /web/binary/company_logo?dbname=ISID HTTP/1.1" 304 - 2 0.002 0.428
2026-02-08 14:12:44,719 1248 INFO ISID werkzeug: 127.0.0.1 - - [08/Feb/2026 14:12:44] "GET /web/service-worker.js HTTP/1.1" 200 - 3 0.002 0.003
2026-02-08 14:12:49,853 1248 INFO ISID odoo.addons.base.models.res_users: Login successful for db:ISID login:ISID from 127.0.0.1 
2026-02-08 14:12:49,872 1248 INFO ISID werkzeug: 127.0.0.1 - - [08/Feb/2026 14:12:49] "POST /web/login HTTP/1.1" 303 - 47 0.040 0.663
2026-02-08 14:12:50,459 1248 INFO ISID werkzeug: 127.0.0.1 - - [08/Feb/2026 14:12:50] "GET /web HTTP/1.1" 200 - 84 0.064 0.511
2026-02-08 14:12:50,714 1248 INFO ISID werkzeug: 127.0.0.1 - - [08/Feb/2026 14:12:50] "POST /web/dataset/call_kw/res.users/systray_get_activities HTTP/1.1" 200 - 5 0.004 0.005
2026-02-08 14:12:50,728 1248 INFO ISID werkzeug: 127.0.0.1 - - [08/Feb/2026 14:12:50] "POST /mail/init_messaging HTTP/1.1" 200 - 69 0.043 0.026
2026-02-08 14:12:50,788 1248 INFO ISID werkzeug: 127.0.0.1 - - [08/Feb/2026 14:12:50] "POST /web/action/load HTTP/1.1" 200 - 6 0.006 0.035
2026-02-08 14:12:50,790 1248 INFO ISID werkzeug: 127.0.0.1 - - [08/Feb/2026 14:12:50] "GET /web/image?model=res.users&field=avatar_128&id=2 HTTP/1.1" 304 - 22 0.019 0.023
2026-02-08 14:12:50,798 1248 INFO ISID werkzeug: 127.0.0.1 - - [08/Feb/2026 14:12:50] "POST /mail/load_message_failures HTTP/1.1" 200 - 3 0.008 0.021
2026-02-08 14:12:50,803 1248 INFO ISID werkzeug: 127.0.0.1 - - [08/Feb/2026 14:12:50] "GET /bus/websocket_worker_bundle?v=17.0-1 HTTP/1.1" 304 - 4 0.008 0.044
2026-02-08 14:12:50,862 1248 INFO ISID werkzeug: 127.0.0.1 - - [08/Feb/2026 14:12:50] "POST /mail/inbox/messages HTTP/1.1" 200 - 11 0.009 0.004
2026-02-08 14:12:50,873 1248 INFO ISID werkzeug: 127.0.0.1 - - [08/Feb/2026 14:12:50] "GET /websocket?version=17.0-1 HTTP/1.1" 101 - 1 0.001 0.004
2026-02-08 14:12:50,893 1248 INFO ISID werkzeug: 127.0.0.1 - - [08/Feb/2026 14:12:50] "GET /web/service-worker.js HTTP/1.1" 200 - 1 0.000 0.003
2026-02-08 14:12:50,924 1248 INFO ISID werkzeug: 127.0.0.1 - - [08/Feb/2026 14:12:50] "GET /web/offline HTTP/1.1" 200 - 12 0.004 0.014
2026-02-08 14:12:51,202 1248 INFO ? odoo.addons.bus.models.bus: Bus.loop listen imbus on db postgres 
2026-02-08 14:13:09,436 1248 INFO ISID werkzeug: 127.0.0.1 - - [08/Feb/2026 14:13:09] "GET /web/session/logout HTTP/1.1" 303 - 15 0.009 0.010
2026-02-08 14:13:09,447 1248 INFO ISID werkzeug: 127.0.0.1 - - [08/Feb/2026 14:13:09] "GET /web HTTP/1.1" 303 - 1 0.000 0.003
2026-02-08 14:13:09,732 1248 INFO ISID werkzeug: 127.0.0.1 - - [08/Feb/2026 14:13:09] "GET /web/login HTTP/1.1" 200 - 49 0.018 0.256
2026-02-08 14:13:09,791 1248 INFO ISID werkzeug: 127.0.0.1 - - [08/Feb/2026 14:13:09] "GET /web/binary/company_logo HTTP/1.1" 304 - 2 0.000 0.005
2026-02-08 14:13:10,488 1248 INFO ISID werkzeug: 127.0.0.1 - - [08/Feb/2026 14:13:10] "GET /web/service-worker.js HTTP/1.1" 200 - 2 0.000 0.003
2026-02-08 14:13:10,526 1248 INFO ISID werkzeug: 127.0.0.1 - - [08/Feb/2026 14:13:10] "GET /web/offline HTTP/1.1" 200 - 13 0.008 0.013
2026-02-08 14:13:12,753 1248 INFO ISID werkzeug: 127.0.0.1 - - [08/Feb/2026 14:13:12] "GET /web/database/manager HTTP/1.1" 200 - 4 0.004 0.796
2026-02-08 14:13:13,841 1248 INFO ISID werkzeug: 127.0.0.1 - - [08/Feb/2026 14:13:13] "GET /web/service-worker.js HTTP/1.1" 200 - 2 0.000 0.003
2026-02-08 14:14:07,031 1248 INFO None odoo.service.db: Create database `master`. 
2026-02-08 14:14:08,509 1248 INFO None odoo.modules.loading: loading 1 modules... 
2026-02-08 14:14:08,509 1248 INFO None odoo.modules.loading: Loading module base (1/1) 
2026-02-08 14:14:08,528 1248 INFO None odoo.modules.registry: module base: creating or updating database tables 
2026-02-08 14:14:08,986 1248 INFO None odoo.models: Prepare computation of ir.module.module.menus_by_module 
2026-02-08 14:14:08,986 1248 INFO None odoo.models: Prepare computation of ir.module.module.reports_by_module 
2026-02-08 14:14:08,986 1248 INFO None odoo.models: Prepare computation of ir.module.module.views_by_module 
2026-02-08 14:14:09,147 1248 INFO None odoo.models: Prepare computation of res.partner.user_id 
2026-02-08 14:14:09,147 1248 INFO None odoo.models: Prepare computation of res.partner.commercial_partner_id 
2026-02-08 14:14:09,147 1248 INFO None odoo.models: Prepare computation of res.partner.complete_name 
2026-02-08 14:14:09,147 1248 INFO None odoo.models: Prepare computation of res.partner.company_registry 
2026-02-08 14:14:09,147 1248 INFO None odoo.models: Prepare computation of res.partner.commercial_company_name 
2026-02-08 14:14:09,147 1248 INFO None odoo.models: Prepare computation of res.partner.partner_share 
2026-02-08 14:14:09,209 1248 INFO None odoo.models: Prepare computation of res.currency.decimal_places 
2026-02-08 14:14:09,242 1248 INFO None odoo.models: Prepare computation of res.company.uses_default_logo 
2026-02-08 14:14:09,242 1248 INFO None odoo.models: Prepare computation of res.company.logo_web 
2026-02-08 14:14:09,245 1248 INFO None odoo.models: Computing parent_path for table res_company... 
2026-02-08 14:14:09,286 1248 INFO None odoo.models: Prepare computation of res.users.signature 
2026-02-08 14:14:09,286 1248 INFO None odoo.models: Prepare computation of res.users.share 
2026-02-08 14:14:10,933 1248 INFO None odoo.modules.loading: loading base/data/res_bank.xml 
2026-02-08 14:14:10,940 1248 INFO None odoo.modules.loading: loading base/data/res.lang.csv 
2026-02-08 14:14:10,984 1248 INFO None odoo.modules.loading: loading base/data/res_lang_data.xml 
2026-02-08 14:14:11,018 1248 INFO None odoo.modules.loading: loading base/data/res_partner_data.xml 
2026-02-08 14:14:11,079 1248 INFO None odoo.modules.loading: loading base/data/res_currency_data.xml 
2026-02-08 14:14:11,602 1248 INFO None odoo.modules.loading: loading base/data/res_company_data.xml 
2026-02-08 14:14:11,613 1248 INFO None odoo.modules.loading: loading base/data/res_users_data.xml 
2026-02-08 14:14:12,662 1248 INFO None odoo.modules.loading: loading base/data/report_paperformat_data.xml 
2026-02-08 14:14:12,671 1248 INFO None odoo.modules.loading: loading base/data/res_country_data.xml 
2026-02-08 14:14:13,103 1248 INFO None odoo.modules.loading: loading base/data/ir_demo_data.xml 
2026-02-08 14:14:13,120 1248 INFO None odoo.modules.loading: loading base/security/base_groups.xml 
2026-02-08 14:14:13,309 1248 INFO None odoo.modules.loading: loading base/security/base_security.xml 
2026-02-08 14:14:13,425 1248 INFO None odoo.modules.loading: loading base/views/base_menus.xml 
2026-02-08 14:14:13,502 1248 INFO None odoo.modules.loading: loading base/views/decimal_precision_views.xml 
2026-02-08 14:14:13,519 1248 INFO None odoo.modules.loading: loading base/views/res_config_views.xml 
2026-02-08 14:14:13,529 1248 INFO None odoo.modules.loading: loading base/data/res.country.state.csv 
2026-02-08 14:14:14,062 1248 INFO None odoo.modules.loading: loading base/views/ir_actions_views.xml 
2026-02-08 14:14:14,215 1248 INFO None odoo.modules.loading: loading base/views/ir_asset_views.xml 
2026-02-08 14:14:14,239 1248 INFO None odoo.modules.loading: loading base/views/ir_config_parameter_views.xml 
2026-02-08 14:14:14,259 1248 INFO None odoo.modules.loading: loading base/views/ir_cron_views.xml 
2026-02-08 14:14:14,298 1248 INFO None odoo.modules.loading: loading base/views/ir_cron_trigger_views.xml 
2026-02-08 14:14:14,325 1248 INFO None odoo.modules.loading: loading base/views/ir_filters_views.xml 
2026-02-08 14:14:14,353 1248 INFO None odoo.modules.loading: loading base/views/ir_mail_server_views.xml 
2026-02-08 14:14:14,383 1248 INFO None odoo.modules.loading: loading base/views/ir_model_views.xml 
2026-02-08 14:14:14,597 1248 INFO None odoo.modules.loading: loading base/views/ir_attachment_views.xml 
2026-02-08 14:14:14,634 1248 INFO None odoo.modules.loading: loading base/views/ir_rule_views.xml 
2026-02-08 14:14:14,672 1248 INFO None odoo.modules.loading: loading base/views/ir_sequence_views.xml 
2026-02-08 14:14:14,697 1248 INFO None odoo.modules.loading: loading base/views/ir_ui_menu_views.xml 
2026-02-08 14:14:14,720 1248 INFO None odoo.modules.loading: loading base/views/ir_ui_view_views.xml 
2026-02-08 14:14:14,777 1248 INFO None odoo.modules.loading: loading base/views/ir_default_views.xml 
2026-02-08 14:14:14,802 1248 INFO None odoo.modules.loading: loading base/data/ir_cron_data.xml 
2026-02-08 14:14:14,815 1248 INFO None odoo.modules.loading: loading base/report/ir_model_report.xml 
2026-02-08 14:14:14,823 1248 INFO None odoo.modules.loading: loading base/report/ir_model_templates.xml 
2026-02-08 14:14:14,837 1248 INFO None odoo.modules.loading: loading base/views/ir_logging_views.xml 
2026-02-08 14:14:14,858 1248 INFO None odoo.modules.loading: loading base/views/ir_qweb_widget_templates.xml 
2026-02-08 14:14:14,881 1248 INFO None odoo.modules.loading: loading base/views/ir_module_views.xml 
2026-02-08 14:14:14,945 1248 INFO None odoo.modules.loading: loading base/data/ir_module_category_data.xml 
2026-02-08 14:14:15,022 1248 INFO None odoo.modules.loading: loading base/data/ir_module_module.xml 
2026-02-08 14:14:15,123 1248 INFO None odoo.modules.loading: loading base/report/ir_module_reports.xml 
2026-02-08 14:14:15,128 1248 INFO None odoo.modules.loading: loading base/report/ir_module_report_templates.xml 
2026-02-08 14:14:15,139 1248 INFO None odoo.modules.loading: loading base/wizard/base_module_update_views.xml 
2026-02-08 14:14:15,153 1248 INFO None odoo.modules.loading: loading base/wizard/base_language_install_views.xml 
2026-02-08 14:14:15,166 1248 INFO None odoo.modules.loading: loading base/wizard/base_import_language_views.xml 
2026-02-08 14:14:15,181 1248 INFO None odoo.modules.loading: loading base/wizard/base_module_upgrade_views.xml 
2026-02-08 14:14:15,202 1248 INFO None odoo.modules.loading: loading base/wizard/base_module_uninstall_views.xml 
2026-02-08 14:14:15,209 1248 INFO None odoo.modules.loading: loading base/wizard/base_export_language_views.xml 
2026-02-08 14:14:15,220 1248 INFO None odoo.modules.loading: loading base/wizard/base_partner_merge_views.xml 
2026-02-08 14:14:15,233 1248 INFO None odoo.modules.loading: loading base/data/ir_demo_failure_data.xml 
2026-02-08 14:14:15,246 1248 INFO None odoo.modules.loading: loading base/views/ir_profile_views.xml 
2026-02-08 14:14:15,265 1248 INFO None odoo.modules.loading: loading base/views/res_company_views.xml 
2026-02-08 14:14:15,284 1248 INFO None odoo.modules.loading: loading base/views/res_lang_views.xml 
2026-02-08 14:14:15,306 1248 INFO None odoo.modules.loading: loading base/views/res_partner_views.xml 
2026-02-08 14:14:15,394 1248 INFO None odoo.modules.loading: loading base/views/res_bank_views.xml 
2026-02-08 14:14:15,432 1248 INFO None odoo.modules.loading: loading base/views/res_country_views.xml 
2026-02-08 14:14:15,477 1248 INFO None odoo.modules.loading: loading base/views/res_currency_views.xml 
2026-02-08 14:14:15,510 1248 INFO None odoo.modules.loading: loading base/views/res_users_views.xml 
2026-02-08 14:14:15,611 1248 INFO None odoo.modules.loading: loading base/views/res_users_identitycheck_views.xml 
2026-02-08 14:14:15,621 1248 INFO None odoo.modules.loading: loading base/views/ir_property_views.xml 
2026-02-08 14:14:15,642 1248 INFO None odoo.modules.loading: loading base/views/res_config_settings_views.xml 
2026-02-08 14:14:15,649 1248 INFO None odoo.modules.loading: loading base/views/report_paperformat_views.xml 
2026-02-08 14:14:15,673 1248 INFO None odoo.modules.loading: loading base/security/ir.model.access.csv 
2026-02-08 14:14:15,844 1248 INFO None odoo.modules.loading: Module base loaded in 7.33s, 8122 queries (+8122 other) 
2026-02-08 14:14:15,844 1248 INFO None odoo.modules.loading: 1 modules loaded in 7.34s, 8122 queries (+8122 extra) 
2026-02-08 14:14:15,877 1248 INFO None odoo.modules.loading: updating modules list 
2026-02-08 14:14:15,877 1248 INFO None odoo.addons.base.models.ir_module: ALLOW access to module.update_list on [] to user __system__ #1 via n/a 
2026-02-08 14:14:16,624 1248 INFO None odoo.modules.loading: loading 11 modules... 
2026-02-08 14:14:16,625 1248 INFO None odoo.modules.loading: Loading module web (2/11) 
2026-02-08 14:14:16,643 1248 INFO None odoo.modules.registry: module web: creating or updating database tables 
2026-02-08 14:14:17,133 1248 INFO None odoo.modules.loading: loading web/security/ir.model.access.csv 
2026-02-08 14:14:17,146 1248 INFO None odoo.modules.loading: loading web/views/webclient_templates.xml 
2026-02-08 14:14:17,231 1248 INFO None odoo.modules.loading: loading web/views/report_templates.xml 
2026-02-08 14:14:17,339 1248 INFO None odoo.modules.loading: loading web/views/base_document_layout_views.xml 
2026-02-08 14:14:17,352 1248 INFO None odoo.modules.loading: loading web/views/partner_view.xml 
2026-02-08 14:14:17,357 1248 INFO None odoo.modules.loading: loading web/views/speedscope_template.xml 
2026-02-08 14:14:17,364 1248 INFO None odoo.modules.loading: loading web/views/neutralize_views.xml 
2026-02-08 14:14:17,371 1248 INFO None odoo.modules.loading: loading web/data/ir_attachment.xml 
2026-02-08 14:14:17,376 1248 INFO None odoo.modules.loading: loading web/data/report_layout.xml 
2026-02-08 14:14:17,418 1248 INFO None odoo.modules.loading: Module web loaded in 0.79s, 1025 queries (+1025 other) 
2026-02-08 14:14:17,418 1248 INFO None odoo.modules.loading: Loading module auth_totp (3/11) 
2026-02-08 14:14:17,431 1248 INFO None odoo.modules.registry: module auth_totp: creating or updating database tables 
2026-02-08 14:14:17,505 1248 INFO None odoo.modules.loading: loading auth_totp/security/security.xml 
2026-02-08 14:14:17,539 1248 INFO None odoo.modules.loading: loading auth_totp/security/ir.model.access.csv 
2026-02-08 14:14:17,550 1248 INFO None odoo.modules.loading: loading auth_totp/data/ir_action_data.xml 
2026-02-08 14:14:17,559 1248 INFO None odoo.modules.loading: loading auth_totp/views/res_users_views.xml 
2026-02-08 14:14:17,601 1248 INFO None odoo.modules.loading: loading auth_totp/views/templates.xml 
2026-02-08 14:14:17,612 1248 INFO None odoo.modules.loading: loading auth_totp/wizard/auth_totp_wizard_views.xml 
2026-02-08 14:14:17,636 1248 INFO None odoo.modules.loading: Module auth_totp loaded in 0.22s, 189 queries (+191 other) 
2026-02-08 14:14:17,636 1248 INFO None odoo.modules.loading: Loading module base_import (4/11) 
2026-02-08 14:14:17,655 1248 INFO None odoo.modules.registry: module base_import: creating or updating database tables 
2026-02-08 14:14:18,197 1248 INFO None odoo.modules.loading: loading base_import/security/ir.model.access.csv 
2026-02-08 14:14:18,217 1248 INFO None odoo.modules.loading: Module base_import loaded in 0.58s, 801 queries (+801 other) 
2026-02-08 14:14:18,217 1248 INFO None odoo.modules.loading: Loading module base_import_module (5/11) 
2026-02-08 14:14:18,288 1248 INFO None odoo.modules.registry: module base_import_module: creating or updating database tables 
2026-02-08 14:14:18,374 1248 INFO None odoo.modules.loading: loading base_import_module/security/ir.model.access.csv 
2026-02-08 14:14:18,384 1248 INFO None odoo.modules.loading: loading base_import_module/views/base_import_module_view.xml 
2026-02-08 14:14:18,403 1248 INFO None odoo.modules.loading: loading base_import_module/views/ir_module_views.xml 
2026-02-08 14:14:18,455 1248 INFO None odoo.modules.loading: Module base_import_module loaded in 0.24s, 164 queries (+164 other) 
2026-02-08 14:14:18,455 1248 INFO None odoo.modules.loading: Loading module base_setup (6/11) 
2026-02-08 14:14:18,467 1248 INFO None odoo.modules.registry: module base_setup: creating or updating database tables 
2026-02-08 14:14:18,509 1248 INFO None odoo.modules.loading: loading base_setup/data/base_setup_data.xml 
2026-02-08 14:14:18,521 1248 INFO None odoo.modules.loading: loading base_setup/views/res_config_settings_views.xml 
2026-02-08 14:14:18,549 1248 INFO None odoo.modules.loading: loading base_setup/views/res_partner_views.xml 
2026-02-08 14:14:18,570 1248 INFO None odoo.modules.loading: Module base_setup loaded in 0.11s, 145 queries (+145 other) 
2026-02-08 14:14:18,570 1248 INFO None odoo.modules.loading: Loading module bus (7/11) 
2026-02-08 14:14:18,582 1248 INFO None odoo.modules.registry: module bus: creating or updating database tables 
2026-02-08 14:14:18,674 1248 INFO None odoo.modules.loading: loading bus/security/ir.model.access.csv 
2026-02-08 14:14:18,695 1248 INFO None odoo.modules.loading: Module bus loaded in 0.13s, 116 queries (+116 other) 
2026-02-08 14:14:18,695 1248 INFO None odoo.modules.loading: Loading module web_tour (8/11) 
2026-02-08 14:14:18,707 1248 INFO None odoo.modules.registry: module web_tour: creating or updating database tables 
2026-02-08 14:14:18,746 1248 INFO None odoo.modules.loading: loading web_tour/security/ir.model.access.csv 
2026-02-08 14:14:18,756 1248 INFO None odoo.modules.loading: loading web_tour/security/ir.rule.csv 
2026-02-08 14:14:18,765 1248 INFO None odoo.modules.loading: loading web_tour/views/tour_views.xml 
2026-02-08 14:14:18,802 1248 INFO None odoo.modules.loading: Module web_tour loaded in 0.11s, 107 queries (+107 other) 
2026-02-08 14:14:18,802 1248 INFO None odoo.modules.loading: Loading module iap (9/11) 
2026-02-08 14:14:18,815 1248 INFO None odoo.modules.registry: module iap: creating or updating database tables 
2026-02-08 14:14:18,882 1248 INFO None odoo.modules.loading: loading iap/security/ir.model.access.csv 
2026-02-08 14:14:18,892 1248 INFO None odoo.modules.loading: loading iap/security/ir_rule.xml 
2026-02-08 14:14:18,899 1248 INFO None odoo.modules.loading: loading iap/views/iap_views.xml 
2026-02-08 14:14:18,918 1248 INFO None odoo.modules.loading: loading iap/views/res_config_settings.xml 
2026-02-08 14:14:18,948 1248 INFO None odoo.modules.loading: Module iap loaded in 0.15s, 163 queries (+163 other) 
2026-02-08 14:14:18,948 1248 INFO None odoo.modules.loading: Loading module web_editor (10/11) 
2026-02-08 14:14:18,968 1248 INFO None odoo.modules.registry: module web_editor: creating or updating database tables 
2026-02-08 14:14:19,427 1248 INFO None odoo.modules.loading: loading web_editor/security/ir.model.access.csv 
2026-02-08 14:14:19,437 1248 INFO None odoo.modules.loading: loading web_editor/data/editor_assets.xml 
2026-02-08 14:14:19,445 1248 INFO None odoo.modules.loading: loading web_editor/views/editor.xml 
2026-02-08 14:14:19,471 1248 INFO None odoo.modules.loading: loading web_editor/views/snippets.xml 
2026-02-08 14:14:19,559 1248 INFO None odoo.modules.loading: Module web_editor loaded in 0.61s, 916 queries (+918 other) 
2026-02-08 14:14:19,559 1248 INFO None odoo.modules.loading: Loading module web_unsplash (11/11) 
2026-02-08 14:14:19,581 1248 INFO None odoo.modules.registry: module web_unsplash: creating or updating database tables 
2026-02-08 14:14:19,647 1248 INFO None odoo.modules.loading: loading web_unsplash/views/res_config_settings_view.xml 
2026-02-08 14:14:19,694 1248 INFO None odoo.modules.loading: Module web_unsplash loaded in 0.14s, 105 queries (+105 other) 
2026-02-08 14:14:19,694 1248 INFO None odoo.modules.loading: 11 modules loaded in 3.07s, 3731 queries (+3735 extra) 
2026-02-08 14:14:19,936 1248 INFO None odoo.modules.loading: Modules loaded. 
2026-02-08 14:14:19,940 1248 INFO None odoo.modules.registry: Registry loaded in 11.448s 
2026-02-08 14:14:21,001 1248 INFO None odoo.addons.base.models.res_users: Login successful for db:master login:stage@gmail.com from 127.0.0.1 
2026-02-08 14:14:21,016 1248 INFO None werkzeug: 127.0.0.1 - - [08/Feb/2026 14:14:21] "POST /web/database/create HTTP/1.1" 303 - 18059 8.060 6.907
2026-02-08 14:14:21,028 1248 INFO master odoo.addons.base.models.ir_http: Generating routing map for key None 
2026-02-08 14:14:21,041 1248 INFO master werkzeug: 127.0.0.1 - - [08/Feb/2026 14:14:21] "GET /web HTTP/1.1" 303 - 5 0.002 0.014
2026-02-08 14:14:21,288 1248 INFO master werkzeug: 127.0.0.1 - - [08/Feb/2026 14:14:21] "GET /web/login HTTP/1.1" 200 - 56 0.019 0.219
2026-02-08 14:14:24,299 1248 INFO master odoo.addons.base.models.assetsbundle: Generating a new asset bundle attachment /web/assets/09dcf56/web.assets_frontend.min.css (id:14) 
2026-02-08 14:14:24,300 1248 INFO master werkzeug: 127.0.0.1 - - [08/Feb/2026 14:14:24] "GET /web/service-worker.js HTTP/1.1" 200 - 2 0.002 0.074
2026-02-08 14:14:24,304 1248 INFO master werkzeug: 127.0.0.1 - - [08/Feb/2026 14:14:24] "GET /web/assets/09dcf56/web.assets_frontend.min.css HTTP/1.1" 200 - 22 0.025 2.958
2026-02-08 14:14:24,312 1248 INFO master werkzeug: 127.0.0.1 - - [08/Feb/2026 14:14:24] "GET /web/binary/company_logo HTTP/1.1" 200 - 2 0.002 0.004
2026-02-08 14:14:25,247 1248 INFO master odoo.addons.base.models.assetsbundle: Generating a new asset bundle attachment /web/assets/df9b2e7/web.assets_frontend_lazy.min.js (id:15) 
2026-02-08 14:14:25,251 1248 INFO master werkzeug: 127.0.0.1 - - [08/Feb/2026 14:14:25] "GET /web/assets/df9b2e7/web.assets_frontend_lazy.min.js HTTP/1.1" 200 - 20 0.006 0.904
2026-02-08 14:14:25,357 1248 INFO master werkzeug: 127.0.0.1 - - [08/Feb/2026 14:14:25] "GET /web/service-worker.js HTTP/1.1" 200 - 2 0.000 0.004
2026-02-08 14:14:25,364 1248 INFO master werkzeug: 127.0.0.1 - - [08/Feb/2026 14:14:25] "GET /web/webclient/translations/1770560065350 HTTP/1.1" 200 - 5 0.003 0.004
2026-02-08 14:14:27,304 1248 INFO master werkzeug: 127.0.0.1 - - [08/Feb/2026 14:14:27] "GET /web/database/selector HTTP/1.1" 200 - 6 0.003 0.568
2026-02-08 14:14:28,370 1248 INFO master werkzeug: 127.0.0.1 - - [08/Feb/2026 14:14:28] "GET /web/service-worker.js HTTP/1.1" 200 - 2 0.000 0.003
2026-02-08 14:14:29,204 1248 INFO master werkzeug: 127.0.0.1 - - [08/Feb/2026 14:14:29] "GET /web?db=master HTTP/1.1" 303 - 1 0.001 0.001
2026-02-08 14:14:29,441 1248 INFO master werkzeug: 127.0.0.1 - - [08/Feb/2026 14:14:29] "GET /web/login?db=master HTTP/1.1" 200 - 46 0.018 0.210
2026-02-08 14:14:29,499 1248 INFO master werkzeug: 127.0.0.1 - - [08/Feb/2026 14:14:29] "GET /web/binary/company_logo?dbname=master HTTP/1.1" 200 - 2 0.002 0.003
2026-02-08 14:14:29,618 1248 INFO master werkzeug: 127.0.0.1 - - [08/Feb/2026 14:14:29] "GET /web/webclient/translations/1770560069608 HTTP/1.1" 200 - 5 0.003 0.002
2026-02-08 14:14:30,224 1248 INFO master werkzeug: 127.0.0.1 - - [08/Feb/2026 14:14:30] "GET /web/service-worker.js HTTP/1.1" 200 - 2 0.000 0.003
2026-02-08 14:14:37,079 1248 INFO master odoo.addons.base.models.res_users: Login failed for db:master login:master from 127.0.0.1 
2026-02-08 14:14:37,274 1248 INFO master werkzeug: 127.0.0.1 - - [08/Feb/2026 14:14:37] "POST /web/login HTTP/1.1" 200 - 49 0.020 0.219
2026-02-08 14:14:37,342 1248 INFO master werkzeug: 127.0.0.1 - - [08/Feb/2026 14:14:37] "GET /web/binary/company_logo?dbname=master HTTP/1.1" 304 - 2 0.001 0.002
2026-02-08 14:14:37,459 1248 INFO master werkzeug: 127.0.0.1 - - [08/Feb/2026 14:14:37] "GET /web/webclient/translations/1770560077451 HTTP/1.1" 200 - 5 0.002 0.004
2026-02-08 14:14:38,317 1248 INFO master werkzeug: 127.0.0.1 - - [08/Feb/2026 14:14:38] "GET /web/service-worker.js HTTP/1.1" 200 - 2 0.001 0.004
2026-02-08 14:15:06,039 1248 INFO master odoo.addons.base.models.res_users: Login failed for db:master login:ISID from 127.0.0.1 
2026-02-08 14:15:06,219 1248 INFO master werkzeug: 127.0.0.1 - - [08/Feb/2026 14:15:06] "POST /web/login HTTP/1.1" 200 - 47 0.022 0.196
2026-02-08 14:15:06,271 1248 INFO master werkzeug: 127.0.0.1 - - [08/Feb/2026 14:15:06] "GET /web/binary/company_logo?dbname=master HTTP/1.1" 304 - 2 0.001 0.003
2026-02-08 14:15:06,405 1248 INFO master werkzeug: 127.0.0.1 - - [08/Feb/2026 14:15:06] "GET /web/webclient/translations/1770560106392 HTTP/1.1" 200 - 5 0.003 0.004
2026-02-08 14:15:07,302 1248 INFO master werkzeug: 127.0.0.1 - - [08/Feb/2026 14:15:07] "GET /web/service-worker.js HTTP/1.1" 200 - 2 0.000 0.004
2026-02-08 14:15:09,832 1248 INFO master werkzeug: 127.0.0.1 - - [08/Feb/2026 14:15:09] "GET /web/database/manager HTTP/1.1" 200 - 6 0.005 0.555
2026-02-08 14:15:10,921 1248 INFO master werkzeug: 127.0.0.1 - - [08/Feb/2026 14:15:10] "GET /web/service-worker.js HTTP/1.1" 200 - 2 0.001 0.004
2026-02-08 14:15:17,546 1248 INFO master odoo.addons.base.models.ir_cron: Starting job `Base: Auto-vacuum internal data`. 
2026-02-08 14:15:17,569 1248 INFO master odoo.addons.base.models.ir_attachment: filestore gc 12 checked, 0 removed 
2026-02-08 14:15:17,602 1248 INFO master odoo.addons.base.models.res_users: GC'd 0 user log entries 
2026-02-08 14:15:17,620 1248 INFO master odoo.addons.auth_totp.models.auth_totp: GC'd 0 totp devices entries 
2026-02-08 14:15:17,628 1248 INFO master odoo.addons.base.models.ir_cron: Job done: `Base: Auto-vacuum internal data` (0.080s). 
2026-02-08 14:15:17,634 1248 INFO master odoo.addons.base.models.ir_cron: Starting job `Base: Portal Users Deletion`. 
2026-02-08 14:15:17,637 1248 INFO master odoo.addons.base.models.ir_cron: Job done: `Base: Portal Users Deletion` (0.002s). 
2026-02-08 14:15:21,435 1248 INFO None odoo.sql_db: ConnectionPool(used=3/count=6/max=64): Closed 3 connections to 'user=openpg password=xxx dbname=master host=localhost port=5432 application_name=odoo-1248 sslmode=prefer' 
2026-02-08 14:15:21,710 1248 INFO None odoo.service.db: DROP DB: master 
2026-02-08 14:15:21,722 1248 INFO None werkzeug: 127.0.0.1 - - [08/Feb/2026 14:15:21] "POST /web/database/drop HTTP/1.1" 303 - 4 0.247 1.134
2026-02-08 14:15:22,421 1248 INFO ISID werkzeug: 127.0.0.1 - - [08/Feb/2026 14:15:22] "GET /web/database/manager HTTP/1.1" 200 - 5 0.006 0.686
2026-02-08 14:15:22,785 1248 INFO ISID werkzeug: 127.0.0.1 - - [08/Feb/2026 14:15:22] "GET /web/service-worker.js HTTP/1.1" 200 - 3 0.005 0.038
2026-02-08 14:17:37,602 1248 INFO None odoo.service.db: Create database `StageMFE`. 
2026-02-08 14:17:39,144 1248 INFO None odoo.modules.loading: loading 1 modules... 
2026-02-08 14:17:39,144 1248 INFO None odoo.modules.loading: Loading module base (1/1) 
2026-02-08 14:17:39,160 1248 INFO None odoo.modules.registry: module base: creating or updating database tables 
2026-02-08 14:17:39,655 1248 INFO None odoo.models: Prepare computation of ir.module.module.menus_by_module 
2026-02-08 14:17:39,655 1248 INFO None odoo.models: Prepare computation of ir.module.module.reports_by_module 
2026-02-08 14:17:39,655 1248 INFO None odoo.models: Prepare computation of ir.module.module.views_by_module 
2026-02-08 14:17:39,847 1248 INFO None odoo.models: Prepare computation of res.partner.user_id 
2026-02-08 14:17:39,849 1248 INFO None odoo.models: Prepare computation of res.partner.commercial_partner_id 
2026-02-08 14:17:39,849 1248 INFO None odoo.models: Prepare computation of res.partner.complete_name 
2026-02-08 14:17:39,849 1248 INFO None odoo.models: Prepare computation of res.partner.company_registry 
2026-02-08 14:17:39,849 1248 INFO None odoo.models: Prepare computation of res.partner.commercial_company_name 
2026-02-08 14:17:39,849 1248 INFO None odoo.models: Prepare computation of res.partner.partner_share 
2026-02-08 14:17:39,912 1248 INFO None odoo.models: Prepare computation of res.currency.decimal_places 
2026-02-08 14:17:39,950 1248 INFO None odoo.models: Prepare computation of res.company.uses_default_logo 
2026-02-08 14:17:39,950 1248 INFO None odoo.models: Prepare computation of res.company.logo_web 
2026-02-08 14:17:39,952 1248 INFO None odoo.models: Computing parent_path for table res_company... 
2026-02-08 14:17:39,992 1248 INFO None odoo.models: Prepare computation of res.users.signature 
2026-02-08 14:17:39,992 1248 INFO None odoo.models: Prepare computation of res.users.share 
2026-02-08 14:17:41,657 1248 INFO None odoo.modules.loading: loading base/data/res_bank.xml 
2026-02-08 14:17:41,663 1248 INFO None odoo.modules.loading: loading base/data/res.lang.csv 
2026-02-08 14:17:41,700 1248 INFO None odoo.modules.loading: loading base/data/res_lang_data.xml 
2026-02-08 14:17:41,735 1248 INFO None odoo.modules.loading: loading base/data/res_partner_data.xml 
2026-02-08 14:17:41,805 1248 INFO None odoo.modules.loading: loading base/data/res_currency_data.xml 
2026-02-08 14:17:42,357 1248 INFO None odoo.modules.loading: loading base/data/res_company_data.xml 
2026-02-08 14:17:42,369 1248 INFO None odoo.modules.loading: loading base/data/res_users_data.xml 
2026-02-08 14:17:43,507 1248 INFO None odoo.modules.loading: loading base/data/report_paperformat_data.xml 
2026-02-08 14:17:43,516 1248 INFO None odoo.modules.loading: loading base/data/res_country_data.xml 
2026-02-08 14:17:43,976 1248 INFO None odoo.modules.loading: loading base/data/ir_demo_data.xml 
2026-02-08 14:17:43,985 1248 INFO None odoo.modules.loading: loading base/security/base_groups.xml 
2026-02-08 14:17:44,185 1248 INFO None odoo.modules.loading: loading base/security/base_security.xml 
2026-02-08 14:17:44,302 1248 INFO None odoo.modules.loading: loading base/views/base_menus.xml 
2026-02-08 14:17:44,378 1248 INFO None odoo.modules.loading: loading base/views/decimal_precision_views.xml 
2026-02-08 14:17:44,392 1248 INFO None odoo.modules.loading: loading base/views/res_config_views.xml 
2026-02-08 14:17:44,401 1248 INFO None odoo.modules.loading: loading base/data/res.country.state.csv 
2026-02-08 14:17:44,955 1248 INFO None odoo.modules.loading: loading base/views/ir_actions_views.xml 
2026-02-08 14:17:45,085 1248 INFO None odoo.modules.loading: loading base/views/ir_asset_views.xml 
2026-02-08 14:17:45,102 1248 INFO None odoo.modules.loading: loading base/views/ir_config_parameter_views.xml 
2026-02-08 14:17:45,122 1248 INFO None odoo.modules.loading: loading base/views/ir_cron_views.xml 
2026-02-08 14:17:45,151 1248 INFO None odoo.modules.loading: loading base/views/ir_cron_trigger_views.xml 
2026-02-08 14:17:45,170 1248 INFO None odoo.modules.loading: loading base/views/ir_filters_views.xml 
2026-02-08 14:17:45,191 1248 INFO None odoo.modules.loading: loading base/views/ir_mail_server_views.xml 
2026-02-08 14:17:45,212 1248 INFO None odoo.modules.loading: loading base/views/ir_model_views.xml 
2026-02-08 14:17:45,366 1248 INFO None odoo.modules.loading: loading base/views/ir_attachment_views.xml 
2026-02-08 14:17:45,390 1248 INFO None odoo.modules.loading: loading base/views/ir_rule_views.xml 
2026-02-08 14:17:45,416 1248 INFO None odoo.modules.loading: loading base/views/ir_sequence_views.xml 
2026-02-08 14:17:45,436 1248 INFO None odoo.modules.loading: loading base/views/ir_ui_menu_views.xml 
2026-02-08 14:17:45,459 1248 INFO None odoo.modules.loading: loading base/views/ir_ui_view_views.xml 
2026-02-08 14:17:45,507 1248 INFO None odoo.modules.loading: loading base/views/ir_default_views.xml 
2026-02-08 14:17:45,527 1248 INFO None odoo.modules.loading: loading base/data/ir_cron_data.xml 
2026-02-08 14:17:45,538 1248 INFO None odoo.modules.loading: loading base/report/ir_model_report.xml 
2026-02-08 14:17:45,542 1248 INFO None odoo.modules.loading: loading base/report/ir_model_templates.xml 
2026-02-08 14:17:45,555 1248 INFO None odoo.modules.loading: loading base/views/ir_logging_views.xml 
2026-02-08 14:17:45,574 1248 INFO None odoo.modules.loading: loading base/views/ir_qweb_widget_templates.xml 
2026-02-08 14:17:45,590 1248 INFO None odoo.modules.loading: loading base/views/ir_module_views.xml 
2026-02-08 14:17:45,640 1248 INFO None odoo.modules.loading: loading base/data/ir_module_category_data.xml 
2026-02-08 14:17:45,719 1248 INFO None odoo.modules.loading: loading base/data/ir_module_module.xml 
2026-02-08 14:17:45,784 1248 INFO None odoo.modules.loading: loading base/report/ir_module_reports.xml 
2026-02-08 14:17:45,790 1248 INFO None odoo.modules.loading: loading base/report/ir_module_report_templates.xml 
2026-02-08 14:17:45,799 1248 INFO None odoo.modules.loading: loading base/wizard/base_module_update_views.xml 
2026-02-08 14:17:45,814 1248 INFO None odoo.modules.loading: loading base/wizard/base_language_install_views.xml 
2026-02-08 14:17:45,826 1248 INFO None odoo.modules.loading: loading base/wizard/base_import_language_views.xml 
2026-02-08 14:17:45,835 1248 INFO None odoo.modules.loading: loading base/wizard/base_module_upgrade_views.xml 
2026-02-08 14:17:45,859 1248 INFO None odoo.modules.loading: loading base/wizard/base_module_uninstall_views.xml 
2026-02-08 14:17:45,870 1248 INFO None odoo.modules.loading: loading base/wizard/base_export_language_views.xml 
2026-02-08 14:17:45,886 1248 INFO None odoo.modules.loading: loading base/wizard/base_partner_merge_views.xml 
2026-02-08 14:17:45,906 1248 INFO None odoo.modules.loading: loading base/data/ir_demo_failure_data.xml 
2026-02-08 14:17:45,927 1248 INFO None odoo.modules.loading: loading base/views/ir_profile_views.xml 
2026-02-08 14:17:45,955 1248 INFO None odoo.modules.loading: loading base/views/res_company_views.xml 
2026-02-08 14:17:45,983 1248 INFO None odoo.modules.loading: loading base/views/res_lang_views.xml 
2026-02-08 14:17:46,007 1248 INFO None odoo.modules.loading: loading base/views/res_partner_views.xml 
2026-02-08 14:17:46,123 1248 INFO None odoo.modules.loading: loading base/views/res_bank_views.xml 
2026-02-08 14:17:46,155 1248 INFO None odoo.modules.loading: loading base/views/res_country_views.xml 
2026-02-08 14:17:46,211 1248 INFO None odoo.modules.loading: loading base/views/res_currency_views.xml 
2026-02-08 14:17:46,254 1248 INFO None odoo.modules.loading: loading base/views/res_users_views.xml 
2026-02-08 14:17:46,381 1248 INFO None odoo.modules.loading: loading base/views/res_users_identitycheck_views.xml 
2026-02-08 14:17:46,394 1248 INFO None odoo.modules.loading: loading base/views/ir_property_views.xml 
2026-02-08 14:17:46,418 1248 INFO None odoo.modules.loading: loading base/views/res_config_settings_views.xml 
2026-02-08 14:17:46,429 1248 INFO None odoo.modules.loading: loading base/views/report_paperformat_views.xml 
2026-02-08 14:17:46,464 1248 INFO None odoo.modules.loading: loading base/security/ir.model.access.csv 
2026-02-08 14:17:46,684 1248 INFO None odoo.modules.loading: Module base loaded in 7.54s, 8122 queries (+8122 other) 
2026-02-08 14:17:46,684 1248 INFO None odoo.modules.loading: 1 modules loaded in 7.54s, 8122 queries (+8122 extra) 
2026-02-08 14:17:46,711 1248 INFO None odoo.modules.loading: updating modules list 
2026-02-08 14:17:46,711 1248 INFO None odoo.addons.base.models.ir_module: ALLOW access to module.update_list on [] to user __system__ #1 via n/a 
2026-02-08 14:17:47,461 1248 INFO None odoo.modules.loading: loading 11 modules... 
2026-02-08 14:17:47,462 1248 INFO None odoo.modules.loading: Loading module web (2/11) 
2026-02-08 14:17:47,480 1248 INFO None odoo.modules.registry: module web: creating or updating database tables 
2026-02-08 14:17:48,013 1248 INFO None odoo.modules.loading: loading web/security/ir.model.access.csv 
2026-02-08 14:17:48,023 1248 INFO None odoo.modules.loading: loading web/views/webclient_templates.xml 
2026-02-08 14:17:48,090 1248 INFO None odoo.modules.loading: loading web/views/report_templates.xml 
2026-02-08 14:17:48,204 1248 INFO None odoo.modules.loading: loading web/views/base_document_layout_views.xml 
2026-02-08 14:17:48,215 1248 INFO None odoo.modules.loading: loading web/views/partner_view.xml 
2026-02-08 14:17:48,221 1248 INFO None odoo.modules.loading: loading web/views/speedscope_template.xml 
2026-02-08 14:17:48,227 1248 INFO None odoo.modules.loading: loading web/views/neutralize_views.xml 
2026-02-08 14:17:48,236 1248 INFO None odoo.modules.loading: loading web/data/ir_attachment.xml 
2026-02-08 14:17:48,241 1248 INFO None odoo.modules.loading: loading web/data/report_layout.xml 
2026-02-08 14:17:48,284 1248 INFO None odoo.modules.loading: Module web loaded in 0.82s, 1025 queries (+1025 other) 
2026-02-08 14:17:48,284 1248 INFO None odoo.modules.loading: Loading module auth_totp (3/11) 
2026-02-08 14:17:48,297 1248 INFO None odoo.modules.registry: module auth_totp: creating or updating database tables 
2026-02-08 14:17:48,368 1248 INFO None odoo.modules.loading: loading auth_totp/security/security.xml 
2026-02-08 14:17:48,393 1248 INFO None odoo.modules.loading: loading auth_totp/security/ir.model.access.csv 
2026-02-08 14:17:48,404 1248 INFO None odoo.modules.loading: loading auth_totp/data/ir_action_data.xml 
2026-02-08 14:17:48,411 1248 INFO None odoo.modules.loading: loading auth_totp/views/res_users_views.xml 
2026-02-08 14:17:48,528 1248 INFO None odoo.modules.loading: loading auth_totp/views/templates.xml 
2026-02-08 14:17:48,534 1248 INFO None odoo.modules.loading: loading auth_totp/wizard/auth_totp_wizard_views.xml 
2026-02-08 14:17:48,555 1248 INFO None odoo.modules.loading: Module auth_totp loaded in 0.27s, 189 queries (+189 other) 
2026-02-08 14:17:48,555 1248 INFO None odoo.modules.loading: Loading module base_import (4/11) 
2026-02-08 14:17:48,573 1248 INFO None odoo.modules.registry: module base_import: creating or updating database tables 
2026-02-08 14:17:49,102 1248 INFO None odoo.modules.loading: loading base_import/security/ir.model.access.csv 
2026-02-08 14:17:49,123 1248 INFO None odoo.modules.loading: Module base_import loaded in 0.57s, 801 queries (+801 other) 
2026-02-08 14:17:49,123 1248 INFO None odoo.modules.loading: Loading module base_import_module (5/11) 
2026-02-08 14:17:49,137 1248 INFO None odoo.modules.registry: module base_import_module: creating or updating database tables 
2026-02-08 14:17:49,209 1248 INFO None odoo.modules.loading: loading base_import_module/security/ir.model.access.csv 
2026-02-08 14:17:49,218 1248 INFO None odoo.modules.loading: loading base_import_module/views/base_import_module_view.xml 
2026-02-08 14:17:49,234 1248 INFO None odoo.modules.loading: loading base_import_module/views/ir_module_views.xml 
2026-02-08 14:17:49,295 1248 INFO None odoo.modules.loading: Module base_import_module loaded in 0.17s, 164 queries (+164 other) 
2026-02-08 14:17:49,295 1248 INFO None odoo.modules.loading: Loading module base_setup (6/11) 
2026-02-08 14:17:49,315 1248 INFO None odoo.modules.registry: module base_setup: creating or updating database tables 
2026-02-08 14:17:49,373 1248 INFO None odoo.modules.loading: loading base_setup/data/base_setup_data.xml 
2026-02-08 14:17:49,380 1248 INFO None odoo.modules.loading: loading base_setup/views/res_config_settings_views.xml 
2026-02-08 14:17:49,414 1248 INFO None odoo.modules.loading: loading base_setup/views/res_partner_views.xml 
2026-02-08 14:17:49,436 1248 INFO None odoo.modules.loading: Module base_setup loaded in 0.14s, 145 queries (+145 other) 
2026-02-08 14:17:49,436 1248 INFO None odoo.modules.loading: Loading module bus (7/11) 
2026-02-08 14:17:49,450 1248 INFO None odoo.modules.registry: module bus: creating or updating database tables 
2026-02-08 14:17:49,536 1248 INFO None odoo.modules.loading: loading bus/security/ir.model.access.csv 
2026-02-08 14:17:49,562 1248 INFO None odoo.modules.loading: Module bus loaded in 0.13s, 116 queries (+116 other) 
2026-02-08 14:17:49,562 1248 INFO None odoo.modules.loading: Loading module web_tour (8/11) 
2026-02-08 14:17:49,578 1248 INFO None odoo.modules.registry: module web_tour: creating or updating database tables 
2026-02-08 14:17:49,612 1248 INFO None odoo.modules.loading: loading web_tour/security/ir.model.access.csv 
2026-02-08 14:17:49,624 1248 INFO None odoo.modules.loading: loading web_tour/security/ir.rule.csv 
2026-02-08 14:17:49,635 1248 INFO None odoo.modules.loading: loading web_tour/views/tour_views.xml 
2026-02-08 14:17:49,670 1248 INFO None odoo.modules.loading: Module web_tour loaded in 0.11s, 107 queries (+107 other) 
2026-02-08 14:17:49,670 1248 INFO None odoo.modules.loading: Loading module iap (9/11) 
2026-02-08 14:17:49,684 1248 INFO None odoo.modules.registry: module iap: creating or updating database tables 
2026-02-08 14:17:49,750 1248 INFO None odoo.modules.loading: loading iap/security/ir.model.access.csv 
2026-02-08 14:17:49,759 1248 INFO None odoo.modules.loading: loading iap/security/ir_rule.xml 
2026-02-08 14:17:49,768 1248 INFO None odoo.modules.loading: loading iap/views/iap_views.xml 
2026-02-08 14:17:49,789 1248 INFO None odoo.modules.loading: loading iap/views/res_config_settings.xml 
2026-02-08 14:17:49,826 1248 INFO None odoo.modules.loading: Module iap loaded in 0.16s, 163 queries (+163 other) 
2026-02-08 14:17:49,826 1248 INFO None odoo.modules.loading: Loading module web_editor (10/11) 
2026-02-08 14:17:49,849 1248 INFO None odoo.modules.registry: module web_editor: creating or updating database tables 
2026-02-08 14:17:50,388 1248 INFO None odoo.modules.loading: loading web_editor/security/ir.model.access.csv 
2026-02-08 14:17:50,401 1248 INFO None odoo.modules.loading: loading web_editor/data/editor_assets.xml 
2026-02-08 14:17:50,405 1248 INFO None odoo.modules.loading: loading web_editor/views/editor.xml 
2026-02-08 14:17:50,423 1248 INFO None odoo.modules.loading: loading web_editor/views/snippets.xml 
2026-02-08 14:17:50,496 1248 INFO None odoo.modules.loading: Module web_editor loaded in 0.67s, 916 queries (+916 other) 
2026-02-08 14:17:50,497 1248 INFO None odoo.modules.loading: Loading module web_unsplash (11/11) 
2026-02-08 14:17:50,509 1248 INFO None odoo.modules.registry: module web_unsplash: creating or updating database tables 
2026-02-08 14:17:50,550 1248 INFO None odoo.modules.loading: loading web_unsplash/views/res_config_settings_view.xml 
2026-02-08 14:17:50,596 1248 INFO None odoo.modules.loading: Module web_unsplash loaded in 0.10s, 105 queries (+105 other) 
2026-02-08 14:17:50,596 1248 INFO None odoo.modules.loading: 11 modules loaded in 3.13s, 3731 queries (+3731 extra) 
2026-02-08 14:17:50,846 1248 INFO None odoo.modules.loading: Modules loaded. 
2026-02-08 14:17:50,850 1248 INFO None odoo.modules.registry: Registry loaded in 11.719s 
2026-02-08 14:17:51,951 1248 INFO None odoo.addons.base.models.res_users: Login successful for db:StageMFE login:stage@gmail.com from 127.0.0.1 
2026-02-08 14:17:51,965 1248 INFO None werkzeug: 127.0.0.1 - - [08/Feb/2026 14:17:51] "POST /web/database/create HTTP/1.1" 303 - 18060 8.218 7.192
2026-02-08 14:17:51,976 1248 INFO StageMFE odoo.addons.base.models.ir_http: Generating routing map for key None 
2026-02-08 14:17:51,987 1248 INFO StageMFE werkzeug: 127.0.0.1 - - [08/Feb/2026 14:17:51] "GET /web HTTP/1.1" 303 - 5 0.000 0.013
2026-02-08 14:17:52,215 1248 INFO StageMFE werkzeug: 127.0.0.1 - - [08/Feb/2026 14:17:52] "GET /web/login HTTP/1.1" 200 - 56 0.022 0.196
2026-02-08 14:17:52,309 1248 INFO StageMFE werkzeug: 127.0.0.1 - - [08/Feb/2026 14:17:52] "GET /web/binary/company_logo HTTP/1.1" 200 - 2 0.002 0.038
2026-02-08 14:17:52,371 1248 INFO StageMFE werkzeug: 127.0.0.1 - - [08/Feb/2026 14:17:52] "GET /web/webclient/translations/1770560272363 HTTP/1.1" 200 - 5 0.003 0.003
2026-02-08 14:17:52,987 1248 INFO StageMFE werkzeug: 127.0.0.1 - - [08/Feb/2026 14:17:52] "GET /web/service-worker.js HTTP/1.1" 200 - 2 0.001 0.002
2026-02-08 14:17:59,211 1248 INFO StageMFE odoo.addons.base.models.res_users: Login failed for db:StageMFE login:ISID from 127.0.0.1 
2026-02-08 14:17:59,389 1248 INFO StageMFE werkzeug: 127.0.0.1 - - [08/Feb/2026 14:17:59] "POST /web/login HTTP/1.1" 200 - 49 0.018 0.204
2026-02-08 14:17:59,442 1248 INFO StageMFE werkzeug: 127.0.0.1 - - [08/Feb/2026 14:17:59] "GET /web/binary/company_logo?dbname=StageMFE HTTP/1.1" 200 - 2 0.001 0.003
2026-02-08 14:17:59,506 1248 INFO StageMFE werkzeug: 127.0.0.1 - - [08/Feb/2026 14:17:59] "GET /web/webclient/translations/1770560279497 HTTP/1.1" 200 - 5 0.003 0.003
2026-02-08 14:18:00,494 1248 INFO StageMFE werkzeug: 127.0.0.1 - - [08/Feb/2026 14:18:00] "GET /web/service-worker.js HTTP/1.1" 200 - 2 0.001 0.003
2026-02-08 14:18:12,562 1248 INFO StageMFE odoo.addons.base.models.res_users: Login successful for db:StageMFE login:stage@gmail.com from 127.0.0.1 
2026-02-08 14:18:12,573 1248 INFO StageMFE werkzeug: 127.0.0.1 - - [08/Feb/2026 14:18:12] "POST /web/login HTTP/1.1" 303 - 36 0.026 0.643
2026-02-08 14:18:12,886 1248 INFO StageMFE werkzeug: 127.0.0.1 - - [08/Feb/2026 14:18:12] "GET /web HTTP/1.1" 200 - 80 0.036 0.264
2026-02-08 14:18:17,652 1248 INFO StageMFE werkzeug: 127.0.0.1 - - [08/Feb/2026 14:18:17] "GET /web/service-worker.js HTTP/1.1" 200 - 1 0.002 0.079
2026-02-08 14:18:17,681 1248 INFO StageMFE odoo.addons.base.models.assetsbundle: Generating a new asset bundle attachment /web/assets/5f82693/web.assets_web.min.css (id:14) 
2026-02-08 14:18:17,796 1248 INFO StageMFE werkzeug: 127.0.0.1 - - [08/Feb/2026 14:18:17] "GET /web/assets/5f82693/web.assets_web.min.css HTTP/1.1" 200 - 26 0.034 4.833
2026-02-08 14:18:17,796 1248 INFO StageMFE odoo.addons.base.models.ir_cron: Starting job `Base: Auto-vacuum internal data`. 
2026-02-08 14:18:17,882 1248 INFO StageMFE odoo.addons.base.models.ir_attachment: filestore gc 11 checked, 0 removed 
2026-02-08 14:18:17,952 1248 INFO StageMFE odoo.addons.base.models.res_users: GC'd 1 user log entries 
2026-02-08 14:18:17,996 1248 INFO StageMFE odoo.addons.auth_totp.models.auth_totp: GC'd 0 totp devices entries 
2026-02-08 14:18:18,012 1248 INFO StageMFE odoo.addons.base.models.ir_cron: Job done: `Base: Auto-vacuum internal data` (0.214s). 
2026-02-08 14:18:18,027 1248 INFO StageMFE odoo.addons.base.models.ir_cron: Starting job `Base: Portal Users Deletion`. 
2026-02-08 14:18:18,036 1248 INFO StageMFE odoo.addons.base.models.ir_cron: Job done: `Base: Portal Users Deletion` (0.009s). 
2026-02-08 14:18:19,197 1248 INFO StageMFE odoo.addons.base.models.assetsbundle: Generating a new asset bundle attachment /web/assets/85dcc90/web.assets_web.min.js (id:15) 
2026-02-08 14:18:19,238 1248 INFO StageMFE werkzeug: 127.0.0.1 - - [08/Feb/2026 14:18:19] "GET /web/assets/85dcc90/web.assets_web.min.js HTTP/1.1" 200 - 22 0.011 6.296
2026-02-08 14:18:19,258 1248 INFO StageMFE werkzeug: 127.0.0.1 - - [08/Feb/2026 14:18:19] "GET /web/webclient/load_menus/172bef6a7af96680ac3a6d836ca7e789cae2e213afe9556bbb3468597f3484c3 HTTP/1.1" 200 - 1 0.001 0.003
2026-02-08 14:18:19,260 1248 INFO StageMFE werkzeug: 127.0.0.1 - - [08/Feb/2026 14:18:19] "GET /web/webclient/translations/c097a4426362f8e75854b784c5418b565eb85939?lang=en_US HTTP/1.1" 200 - 4 0.003 0.003
2026-02-08 14:18:19,518 1248 INFO StageMFE werkzeug: 127.0.0.1 - - [08/Feb/2026 14:18:19] "POST /web/action/load HTTP/1.1" 200 - 9 0.012 0.010
2026-02-08 14:18:19,521 1248 INFO StageMFE odoo.addons.base.models.assetsbundle: Generating a new asset bundle attachment /web/assets/ad332fd/bus.websocket_worker_assets.min.js (id:16) 
2026-02-08 14:18:19,525 1248 INFO StageMFE werkzeug: 127.0.0.1 - - [08/Feb/2026 14:18:19] "GET /bus/websocket_worker_bundle?v=17.0-1 HTTP/1.1" 304 - 8 0.005 0.029
2026-02-08 14:18:19,540 1248 INFO StageMFE werkzeug: 127.0.0.1 - - [08/Feb/2026 14:18:19] "GET /web/image?model=res.users&field=avatar_128&id=2 HTTP/1.1" 200 - 21 0.025 0.014
2026-02-08 14:18:19,555 1248 INFO StageMFE werkzeug: 127.0.0.1 - - [08/Feb/2026 14:18:19] "GET /websocket?version=17.0-1 HTTP/1.1" 101 - 1 0.001 0.005
2026-02-08 14:18:19,612 1248 INFO StageMFE werkzeug: 127.0.0.1 - - [08/Feb/2026 14:18:19] "POST /web/dataset/call_kw/ir.module.module/get_views HTTP/1.1" 200 - 53 0.024 0.041
2026-02-08 14:18:19,635 1248 INFO StageMFE werkzeug: 127.0.0.1 - - [08/Feb/2026 14:18:19] "POST /web/dataset/call_kw/ir.module.module/search_panel_select_range HTTP/1.1" 200 - 1 0.001 0.005
2026-02-08 14:18:19,673 1248 INFO StageMFE werkzeug: 127.0.0.1 - - [08/Feb/2026 14:18:19] "POST /web/dataset/call_kw/ir.module.module/search_panel_select_range HTTP/1.1" 200 - 62 0.026 0.017
2026-02-08 14:18:19,707 1248 INFO StageMFE werkzeug: 127.0.0.1 - - [08/Feb/2026 14:18:19] "POST /web/dataset/call_kw/ir.module.module/web_search_read HTTP/1.1" 200 - 8 0.009 0.065
2026-02-08 14:18:19,955 1248 INFO ? werkzeug: 127.0.0.1 - - [08/Feb/2026 14:18:19] "GET /sale_management/static/description/icon.png HTTP/1.1" 304 - 0 0.000 0.003
2026-02-08 14:18:19,956 1248 INFO ? werkzeug: 127.0.0.1 - - [08/Feb/2026 14:18:19] "GET /website/static/description/icon.png HTTP/1.1" 304 - 0 0.000 0.003
2026-02-08 14:18:19,956 1248 INFO ? werkzeug: 127.0.0.1 - - [08/Feb/2026 14:18:19] "GET /account/static/description/icon.png HTTP/1.1" 304 - 0 0.000 0.004
2026-02-08 14:18:19,957 1248 INFO ? werkzeug: 127.0.0.1 - - [08/Feb/2026 14:18:19] "GET /pos_restaurant/static/description/icon.png HTTP/1.1" 304 - 0 0.000 0.005
2026-02-08 14:18:19,957 1248 INFO ? werkzeug: 127.0.0.1 - - [08/Feb/2026 14:18:19] "GET /base/static/img/icons/mrp_workorder.png HTTP/1.1" 304 - 0 0.000 0.005
2026-02-08 14:18:19,958 1248 INFO ? werkzeug: 127.0.0.1 - - [08/Feb/2026 14:18:19] "GET /crm/static/description/icon.png HTTP/1.1" 304 - 0 0.000 0.006
2026-02-08 14:18:19,965 1248 INFO ? werkzeug: 127.0.0.1 - - [08/Feb/2026 14:18:19] "GET /stock/static/description/icon.png HTTP/1.1" 304 - 0 0.000 0.007
2026-02-08 14:18:19,972 1248 INFO ? werkzeug: 127.0.0.1 - - [08/Feb/2026 14:18:19] "GET /base/static/img/icons/account_accountant.png HTTP/1.1" 304 - 0 0.000 0.011
2026-02-08 14:18:19,973 1248 INFO ? werkzeug: 127.0.0.1 - - [08/Feb/2026 14:18:19] "GET /base/static/img/icons/knowledge.png HTTP/1.1" 304 - 0 0.000 0.010
2026-02-08 14:18:19,982 1248 INFO ? werkzeug: 127.0.0.1 - - [08/Feb/2026 14:18:19] "GET /purchase/static/description/icon.png HTTP/1.1" 304 - 0 0.000 0.017
2026-02-08 14:18:19,987 1248 INFO ? werkzeug: 127.0.0.1 - - [08/Feb/2026 14:18:19] "GET /point_of_sale/static/description/icon.png HTTP/1.1" 304 - 0 0.000 0.017
2026-02-08 14:18:19,990 1248 INFO ? werkzeug: 127.0.0.1 - - [08/Feb/2026 14:18:19] "GET /project/static/description/icon.png HTTP/1.1" 304 - 0 0.000 0.016
2026-02-08 14:18:19,994 1248 INFO ? werkzeug: 127.0.0.1 - - [08/Feb/2026 14:18:19] "GET /website_sale/static/description/icon.png HTTP/1.1" 304 - 0 0.000 0.009
2026-02-08 14:18:19,999 1248 INFO ? werkzeug: 127.0.0.1 - - [08/Feb/2026 14:18:19] "GET /mrp/static/description/icon.png HTTP/1.1" 304 - 0 0.000 0.007
2026-02-08 14:18:19,999 1248 INFO ? werkzeug: 127.0.0.1 - - [08/Feb/2026 14:18:19] "GET /mass_mailing/static/description/icon.png HTTP/1.1" 304 - 0 0.000 0.007
2026-02-08 14:18:20,001 1248 INFO ? werkzeug: 127.0.0.1 - - [08/Feb/2026 14:18:20] "GET /base/static/img/icons/timesheet_grid.png HTTP/1.1" 304 - 0 0.000 0.006
2026-02-08 14:18:20,007 1248 INFO ? werkzeug: 127.0.0.1 - - [08/Feb/2026 14:18:20] "GET /hr_expense/static/description/icon.png HTTP/1.1" 304 - 0 0.000 0.010
2026-02-08 14:18:20,009 1248 INFO ? werkzeug: 127.0.0.1 - - [08/Feb/2026 14:18:20] "GET /base/static/img/icons/web_studio.png HTTP/1.1" 304 - 0 0.000 0.009
2026-02-08 14:18:20,015 1248 INFO ? werkzeug: 127.0.0.1 - - [08/Feb/2026 14:18:20] "GET /hr_holidays/static/description/icon.png HTTP/1.1" 304 - 0 0.000 0.011
2026-02-08 14:18:20,015 1248 INFO ? werkzeug: 127.0.0.1 - - [08/Feb/2026 14:18:20] "GET /hr_recruitment/static/description/icon.png HTTP/1.1" 304 - 0 0.000 0.008
2026-02-08 14:18:20,020 1248 INFO ? werkzeug: 127.0.0.1 - - [08/Feb/2026 14:18:20] "GET /base/static/img/icons/industry_fsm.png HTTP/1.1" 304 - 0 0.000 0.011
2026-02-08 14:18:20,024 1248 INFO ? werkzeug: 127.0.0.1 - - [08/Feb/2026 14:18:20] "GET /hr/static/description/icon.png HTTP/1.1" 304 - 0 0.000 0.011
2026-02-08 14:18:20,027 1248 INFO ? werkzeug: 127.0.0.1 - - [08/Feb/2026 14:18:20] "GET /data_recycle/static/description/icon.png HTTP/1.1" 304 - 0 0.000 0.010
2026-02-08 14:18:20,028 1248 INFO ? werkzeug: 127.0.0.1 - - [08/Feb/2026 14:18:20] "GET /maintenance/static/description/icon.png HTTP/1.1" 304 - 0 0.000 0.009
2026-02-08 14:18:20,032 1248 INFO ? werkzeug: 127.0.0.1 - - [08/Feb/2026 14:18:20] "GET /base/static/img/icons/sign.png HTTP/1.1" 304 - 0 0.000 0.008
2026-02-08 14:18:20,037 1248 INFO ? werkzeug: 127.0.0.1 - - [08/Feb/2026 14:18:20] "GET /base/static/img/icons/helpdesk.png HTTP/1.1" 304 - 0 0.000 0.008
2026-02-08 14:18:20,040 1248 INFO ? werkzeug: 127.0.0.1 - - [08/Feb/2026 14:18:20] "GET /base/static/img/icons/sale_subscription.png HTTP/1.1" 304 - 0 0.000 0.009
2026-02-08 14:18:20,044 1248 INFO ? werkzeug: 127.0.0.1 - - [08/Feb/2026 14:18:20] "GET /base/static/img/icons/quality_control.png HTTP/1.1" 304 - 0 0.000 0.009
2026-02-08 14:18:20,048 1248 INFO ? werkzeug: 127.0.0.1 - - [08/Feb/2026 14:18:20] "GET /website_slides/static/description/icon.png HTTP/1.1" 304 - 0 0.000 0.009
2026-02-08 14:18:20,049 1248 INFO ? werkzeug: 127.0.0.1 - - [08/Feb/2026 14:18:20] "GET /base/static/img/icons/planning.png HTTP/1.1" 304 - 0 0.000 0.007
2026-02-08 14:18:20,056 1248 INFO ? werkzeug: 127.0.0.1 - - [08/Feb/2026 14:18:20] "GET /mail/static/description/icon.png HTTP/1.1" 304 - 0 0.000 0.009
2026-02-08 14:18:20,058 1248 INFO ? werkzeug: 127.0.0.1 - - [08/Feb/2026 14:18:20] "GET /website_event/static/description/icon.png HTTP/1.1" 304 - 0 0.000 0.013
2026-02-08 14:18:20,059 1248 INFO ? werkzeug: 127.0.0.1 - - [08/Feb/2026 14:18:20] "GET /contacts/static/description/icon.png HTTP/1.1" 304 - 0 0.000 0.008
2026-02-08 14:18:20,062 1248 INFO ? werkzeug: 127.0.0.1 - - [08/Feb/2026 14:18:20] "GET /base/static/img/icons/mrp_plm.png HTTP/1.1" 304 - 0 0.000 0.006
2026-02-08 14:18:20,066 1248 INFO ? werkzeug: 127.0.0.1 - - [08/Feb/2026 14:18:20] "GET /calendar/static/description/icon.png HTTP/1.1" 304 - 0 0.000 0.007
2026-02-08 14:18:20,072 1248 INFO ? werkzeug: 127.0.0.1 - - [08/Feb/2026 14:18:20] "GET /base/static/img/icons/social.png HTTP/1.1" 304 - 0 0.000 0.011
2026-02-08 14:18:20,074 1248 INFO ? werkzeug: 127.0.0.1 - - [08/Feb/2026 14:18:20] "GET /base/static/img/icons/hr_appraisal.png HTTP/1.1" 304 - 0 0.000 0.008
2026-02-08 14:18:20,077 1248 INFO ? werkzeug: 127.0.0.1 - - [08/Feb/2026 14:18:20] "GET /fleet/static/description/icon.png HTTP/1.1" 304 - 0 0.000 0.010
2026-02-08 14:18:20,079 1248 INFO ? werkzeug: 127.0.0.1 - - [08/Feb/2026 14:18:20] "GET /base/static/img/icons/marketing_automation.png HTTP/1.1" 304 - 0 0.000 0.009
2026-02-08 14:18:20,081 1248 INFO ? werkzeug: 127.0.0.1 - - [08/Feb/2026 14:18:20] "GET /im_livechat/static/description/icon.png HTTP/1.1" 304 - 0 0.000 0.009
2026-02-08 14:18:20,084 1248 INFO ? werkzeug: 127.0.0.1 - - [08/Feb/2026 14:18:20] "GET /base/static/img/icons/appointment.png HTTP/1.1" 304 - 0 0.000 0.010
2026-02-08 14:18:20,090 1248 INFO ? werkzeug: 127.0.0.1 - - [08/Feb/2026 14:18:20] "GET /survey/static/description/icon.png HTTP/1.1" 304 - 0 0.000 0.010
2026-02-08 14:18:20,092 1248 INFO ? werkzeug: 127.0.0.1 - - [08/Feb/2026 14:18:20] "GET /base/static/img/icons/web_mobile.png HTTP/1.1" 304 - 0 0.000 0.007
2026-02-08 14:18:20,095 1248 INFO ? werkzeug: 127.0.0.1 - - [08/Feb/2026 14:18:20] "GET /repair/static/description/icon.png HTTP/1.1" 304 - 0 0.000 0.008
2026-02-08 14:18:20,096 1248 INFO ? werkzeug: 127.0.0.1 - - [08/Feb/2026 14:18:20] "GET /hr_attendance/static/description/icon.png HTTP/1.1" 304 - 0 0.000 0.008
2026-02-08 14:18:20,098 1248 INFO ? werkzeug: 127.0.0.1 - - [08/Feb/2026 14:18:20] "GET /mass_mailing_sms/static/description/icon.png HTTP/1.1" 304 - 0 0.000 0.007
2026-02-08 14:18:20,102 1248 INFO ? werkzeug: 127.0.0.1 - - [08/Feb/2026 14:18:20] "GET /base/static/img/icons/stock_barcode.png HTTP/1.1" 304 - 0 0.000 0.009
2026-02-08 14:18:20,107 1248 INFO ? werkzeug: 127.0.0.1 - - [08/Feb/2026 14:18:20] "GET /project_todo/static/description/icon.png HTTP/1.1" 304 - 0 0.000 0.010
2026-02-08 14:18:20,109 1248 INFO ? werkzeug: 127.0.0.1 - - [08/Feb/2026 14:18:20] "GET /hr_skills/static/description/icon.png HTTP/1.1" 304 - 0 0.000 0.008
2026-02-08 14:18:20,113 1248 INFO ? werkzeug: 127.0.0.1 - - [08/Feb/2026 14:18:20] "GET /base/static/img/icons/voip.png HTTP/1.1" 304 - 0 0.000 0.008
2026-02-08 14:18:20,115 1248 INFO ? werkzeug: 127.0.0.1 - - [08/Feb/2026 14:18:20] "GET /lunch/static/description/icon.png HTTP/1.1" 304 - 0 0.000 0.007
2026-02-08 14:18:20,117 1248 INFO ? werkzeug: 127.0.0.1 - - [08/Feb/2026 14:18:20] "GET /website_hr_recruitment/static/description/icon.png HTTP/1.1" 304 - 0 0.000 0.005
2026-02-08 14:18:20,121 1248 INFO ? werkzeug: 127.0.0.1 - - [08/Feb/2026 14:18:20] "GET /base/static/img/icons/sale_amazon.png HTTP/1.1" 304 - 0 0.000 0.007
2026-02-08 14:18:20,123 1248 INFO ? werkzeug: 127.0.0.1 - - [08/Feb/2026 14:18:20] "GET /base/static/img/icons/sale_ebay.png HTTP/1.1" 304 - 0 0.000 0.008
2026-02-08 14:18:20,124 1248 INFO ? werkzeug: 127.0.0.1 - - [08/Feb/2026 14:18:20] "GET /hr_contract/static/description/icon.png HTTP/1.1" 304 - 0 0.000 0.004
2026-02-08 14:18:20,436 1248 INFO StageMFE werkzeug: 127.0.0.1 - - [08/Feb/2026 14:18:20] "GET /web/service-worker.js HTTP/1.1" 200 - 1 0.001 0.002
2026-02-08 14:29:18,513 1248 INFO ISID odoo.addons.base.models.ir_cron: Starting job `Partner Autocomplete: Sync with remote DB`. 
2026-02-08 14:29:18,542 1248 INFO ISID odoo.addons.base.models.ir_cron: Job done: `Partner Autocomplete: Sync with remote DB` (0.029s). 
2026-02-08 14:29:18,564 1248 INFO ISID odoo.addons.base.models.ir_cron: Starting job `SMS: SMS Queue Manager`. 
2026-02-08 14:29:18,580 1248 INFO ISID odoo.addons.base.models.ir_cron: Job done: `SMS: SMS Queue Manager` (0.016s). 
2026-02-08 14:29:18,600 1248 INFO ISID odoo.addons.base.models.ir_cron: Starting job `Snailmail: process letters queue`. 
2026-02-08 14:29:18,617 1248 INFO ISID odoo.addons.base.models.ir_cron: Job done: `Snailmail: process letters queue` (0.017s). 
2026-02-08 14:29:18,638 1248 INFO ISID odoo.addons.base.models.ir_cron: Starting job `Notification: Send scheduled message notifications`. 
2026-02-08 14:29:18,650 1248 INFO ISID odoo.addons.base.models.ir_cron: Job done: `Notification: Send scheduled message notifications` (0.012s). 
2026-02-08 14:29:18,668 1248 INFO ISID odoo.addons.base.models.ir_cron: Starting job `Mail: Email Queue Manager`. 
2026-02-08 14:29:18,690 1248 INFO ISID odoo.addons.base.models.ir_cron: Job done: `Mail: Email Queue Manager` (0.022s). 
2026-02-08 15:29:25,240 1248 INFO ISID odoo.addons.base.models.ir_cron: Starting job `Partner Autocomplete: Sync with remote DB`. 
2026-02-08 15:29:25,270 1248 INFO ISID odoo.addons.base.models.ir_cron: Job done: `Partner Autocomplete: Sync with remote DB` (0.029s). 
2026-02-08 15:29:25,294 1248 INFO ISID odoo.addons.base.models.ir_cron: Starting job `SMS: SMS Queue Manager`. 
2026-02-08 15:29:25,309 1248 INFO ISID odoo.addons.base.models.ir_cron: Job done: `SMS: SMS Queue Manager` (0.015s). 
2026-02-08 15:29:25,331 1248 INFO ISID odoo.addons.base.models.ir_cron: Starting job `Snailmail: process letters queue`. 
2026-02-08 15:29:25,343 1248 INFO ISID odoo.addons.base.models.ir_cron: Job done: `Snailmail: process letters queue` (0.011s). 
2026-02-08 15:29:25,362 1248 INFO ISID odoo.addons.base.models.ir_cron: Starting job `Notification: Send scheduled message notifications`. 
2026-02-08 15:29:25,373 1248 INFO ISID odoo.addons.base.models.ir_cron: Job done: `Notification: Send scheduled message notifications` (0.011s). 
2026-02-08 15:29:25,392 1248 INFO ISID odoo.addons.base.models.ir_cron: Starting job `Mail: Email Queue Manager`. 
2026-02-08 15:29:25,409 1248 INFO ISID odoo.addons.base.models.ir_cron: Job done: `Mail: Email Queue Manager` (0.016s). 
2026-02-08 15:30:39,248 1248 INFO StageMFE werkzeug: 127.0.0.1 - - [08/Feb/2026 15:30:39] "GET /websocket?version=17.0-1 HTTP/1.1" 101 - 1 0.001 0.011
